// Jest Snapshot v1, https://goo.gl/fbAQLP

exports[`<Button /> 올바른 랜더링 1`] = `
.c0 {
  display: -webkit-box;
  display: -webkit-flex;
  display: -ms-flexbox;
  display: flex;
  -webkit-flex: 1;
  -ms-flex: 1;
  flex: 1;
  -webkit-align-items: center;
  -webkit-box-align: center;
  -ms-flex-align: center;
  align-items: center;
  -webkit-box-pack: center;
  -webkit-justify-content: center;
  -ms-flex-pack: center;
  justify-content: center;
  padding: 10px 20px;
  cursor: pointer;
  border-radius: 8px;
  box-shadow: 5px 5px 10px rgba(0,0,0,0.2);
  background-color: #0077b6;
}

.c0:hover {
  background-color: #007cbd;
}

.c0:active {
  box-shadow: inset 5px 5px 10px rgba(0,0,0,0.2);
}

.c1 {
  color: #FFFFFF;
  font-size: 16px;
}

<div>
  <div
    class="c0"
    type="fill"
  >
    <div
      class="c1"
      type="fill"
    >
      버튼
    </div>
  </div>
</div>
`;
